[     423ms] [LOG] %c prev state color: #9E9E9E; font-weight: bold {auth: Object, dashboard: Object, student: Object, grade: Object, attendance: Object} @ https://app.qa.classveew.com/assets/vendor-state-BYRXIofz.js:0
[     423ms] [LOG] %c action     color: #03A9F4; font-weight: bold {type: persist/PERSIST, register: , rehydrate: } @ https://app.qa.classveew.com/assets/vendor-state-BYRXIofz.js:0
[     423ms] [LOG] %c next state color: #4CAF50; font-weight: bold {auth: Object, dashboard: Object, student: Object, grade: Object, attendance: Object} @ https://app.qa.classveew.com/assets/vendor-state-BYRXIofz.js:0
[     424ms] [ERROR] ❌ Error: REACT_APP_SENTRY_DSN environment variable is not set @ https://app.qa.classveew.com/assets/index-h8tV2EsV.js:152
[     425ms] [LOG] %c prev state color: #9E9E9E; font-weight: bold {auth: Object, dashboard: Object, student: Object, grade: Object, attendance: Object} @ https://app.qa.classveew.com/assets/vendor-state-BYRXIofz.js:0
[     425ms] [LOG] %c action     color: #03A9F4; font-weight: bold {type: persist/REHYDRATE, payload: undefined, err: undefined, key: root} @ https://app.qa.classveew.com/assets/vendor-state-BYRXIofz.js:0
[     425ms] [LOG] %c next state color: #4CAF50; font-weight: bold {auth: Object, dashboard: Object, student: Object, grade: Object, attendance: Object} @ https://app.qa.classveew.com/assets/vendor-state-BYRXIofz.js:0
[    1496ms] [VERBOSE] [DOM] Password field is not contained in a form: (More info: https://goo.gl/9p2vKq) %o @ https://app.qa.classveew.com/login:0
[    1498ms] [WARNING] Failed to decode downloaded font: https://app.qa.classveew.com/assets/Inter-roman.var-e-DsT6iu.woff2?v=3.19 @ https://app.qa.classveew.com/login:0
[    1498ms] [WARNING] OTS parsing error: Failed to convert WOFF 2.0 font to SFNT @ https://app.qa.classveew.com/login:0
[    1499ms] [WARNING] Failed to decode downloaded font: https://app.qa.classveew.com/assets/Inter-roman.var-e-DsT6iu.woff2?v=3.19 @ https://app.qa.classveew.com/login:0
[    1499ms] [WARNING] OTS parsing error: Failed to convert WOFF 2.0 font to SFNT @ https://app.qa.classveew.com/login:0
[   13297ms] [LOG] %c prev state color: #9E9E9E; font-weight: bold {auth: Object, dashboard: Object, student: Object, grade: Object, attendance: Object} @ https://app.qa.classveew.com/assets/vendor-state-BYRXIofz.js:0
[   13297ms] [LOG] %c action     color: #03A9F4; font-weight: bold {type: auth/login/pending, payload: undefined, meta: Object} @ https://app.qa.classveew.com/assets/vendor-state-BYRXIofz.js:0
[   13297ms] [LOG] %c next state color: #4CAF50; font-weight: bold {auth: Object, dashboard: Object, student: Object, grade: Object, attendance: Object} @ https://app.qa.classveew.com/assets/vendor-state-BYRXIofz.js:0
[   13790ms] [LOG] %c prev state color: #9E9E9E; font-weight: bold {auth: Object, dashboard: Object, student: Object, grade: Object, attendance: Object} @ https://app.qa.classveew.com/assets/vendor-state-BYRXIofz.js:0
[   13790ms] [LOG] %c action     color: #03A9F4; font-weight: bold {type: auth/login/fulfilled, payload: Object, meta: Object} @ https://app.qa.classveew.com/assets/vendor-state-BYRXIofz.js:0
[   13790ms] [LOG] %c next state color: #4CAF50; font-weight: bold {auth: Object, dashboard: Object, student: Object, grade: Object, attendance: Object} @ https://app.qa.classveew.com/assets/vendor-state-BYRXIofz.js:0
[   13792ms] [LOG] %c prev state color: #9E9E9E; font-weight: bold {auth: Object, dashboard: Object, student: Object, grade: Object, attendance: Object} @ https://app.qa.classveew.com/assets/vendor-state-BYRXIofz.js:0
[   13792ms] [LOG] %c action     color: #03A9F4; font-weight: bold {type: etl/fetch-status/pending, payload: undefined, meta: Object} @ https://app.qa.classveew.com/assets/vendor-state-BYRXIofz.js:0
[   13792ms] [LOG] %c next state color: #4CAF50; font-weight: bold {auth: Object, dashboard: Object, student: Object, grade: Object, attendance: Object} @ https://app.qa.classveew.com/assets/vendor-state-BYRXIofz.js:0
[   13835ms] [LOG] %c prev state color: #9E9E9E; font-weight: bold {auth: Object, dashboard: Object, student: Object, grade: Object, attendance: Object} @ https://app.qa.classveew.com/assets/vendor-state-BYRXIofz.js:0
[   13836ms] [LOG] %c action     color: #03A9F4; font-weight: bold {type: etl/fetch-status/fulfilled, payload: Object, meta: Object} @ https://app.qa.classveew.com/assets/vendor-state-BYRXIofz.js:0
[   13836ms] [LOG] %c next state color: #4CAF50; font-weight: bold {auth: Object, dashboard: Object, student: Object, grade: Object, attendance: Object} @ https://app.qa.classveew.com/assets/vendor-state-BYRXIofz.js:0
[   13876ms] [LOG] %c prev state color: #9E9E9E; font-weight: bold {auth: Object, dashboard: Object, student: Object, grade: Object, attendance: Object} @ https://app.qa.classveew.com/assets/vendor-state-BYRXIofz.js:0
[   13876ms] [LOG] %c action     color: #03A9F4; font-weight: bold {type: notificationLog/fetchAll/pending, payload: undefined, meta: Object} @ https://app.qa.classveew.com/assets/vendor-state-BYRXIofz.js:0
[   13877ms] [LOG] %c next state color: #4CAF50; font-weight: bold {auth: Object, dashboard: Object, student: Object, grade: Object, attendance: Object} @ https://app.qa.classveew.com/assets/vendor-state-BYRXIofz.js:0
[   13878ms] [LOG] %c prev state color: #9E9E9E; font-weight: bold {auth: Object, dashboard: Object, student: Object, grade: Object, attendance: Object} @ https://app.qa.classveew.com/assets/vendor-state-BYRXIofz.js:0
[   13879ms] [LOG] %c action     color: #03A9F4; font-weight: bold {type: subscription/fetchMyGracePeriodStatus/pending, payload: undefined, meta: Object} @ https://app.qa.classveew.com/assets/vendor-state-BYRXIofz.js:0
[   13879ms] [LOG] %c next state color: #4CAF50; font-weight: bold {auth: Object, dashboard: Object, student: Object, grade: Object, attendance: Object} @ https://app.qa.classveew.com/assets/vendor-state-BYRXIofz.js:0
[   13881ms] [LOG] %c prev state color: #9E9E9E; font-weight: bold {auth: Object, dashboard: Object, student: Object, grade: Object, attendance: Object} @ https://app.qa.classveew.com/assets/vendor-state-BYRXIofz.js:0
[   13881ms] [LOG] %c action     color: #03A9F4; font-weight: bold {type: subscription/fetchMyTrialStatus/pending, payload: undefined, meta: Object} @ https://app.qa.classveew.com/assets/vendor-state-BYRXIofz.js:0
[   13881ms] [LOG] %c next state color: #4CAF50; font-weight: bold {auth: Object, dashboard: Object, student: Object, grade: Object, attendance: Object} @ https://app.qa.classveew.com/assets/vendor-state-BYRXIofz.js:0
[   13884ms] [LOG] %c prev state color: #9E9E9E; font-weight: bold {auth: Object, dashboard: Object, student: Object, grade: Object, attendance: Object} @ https://app.qa.classveew.com/assets/vendor-state-BYRXIofz.js:0
[   13884ms] [LOG] %c action     color: #03A9F4; font-weight: bold {type: subscription/fetchCurrent/pending, payload: undefined, meta: Object} @ https://app.qa.classveew.com/assets/vendor-state-BYRXIofz.js:0
[   13884ms] [LOG] %c next state color: #4CAF50; font-weight: bold {auth: Object, dashboard: Object, student: Object, grade: Object, attendance: Object} @ https://app.qa.classveew.com/assets/vendor-state-BYRXIofz.js:0
[   13885ms] [LOG] %c prev state color: #9E9E9E; font-weight: bold {auth: Object, dashboard: Object, student: Object, grade: Object, attendance: Object} @ https://app.qa.classveew.com/assets/vendor-state-BYRXIofz.js:0
[   13885ms] [LOG] %c action     color: #03A9F4; font-weight: bold {type: etl/fetch-configurations/pending, payload: undefined, meta: Object} @ https://app.qa.classveew.com/assets/vendor-state-BYRXIofz.js:0
[   13886ms] [LOG] %c next state color: #4CAF50; font-weight: bold {auth: Object, dashboard: Object, student: Object, grade: Object, attendance: Object} @ https://app.qa.classveew.com/assets/vendor-state-BYRXIofz.js:0
[   13893ms] [WARNING] Failed to decode downloaded font: https://app.qa.classveew.com/assets/Inter-roman.var-e-DsT6iu.woff2?v=3.19 @ https://app.qa.classveew.com/dashboard:0
[   13893ms] [WARNING] OTS parsing error: Failed to convert WOFF 2.0 font to SFNT @ https://app.qa.classveew.com/dashboard:0
[   13963ms] [LOG] %c prev state color: #9E9E9E; font-weight: bold {auth: Object, dashboard: Object, student: Object, grade: Object, attendance: Object} @ https://app.qa.classveew.com/assets/vendor-state-BYRXIofz.js:0
[   13963ms] [LOG] %c action     color: #03A9F4; font-weight: bold {type: subscription/fetchMyGracePeriodStatus/fulfilled, payload: Object, meta: Object} @ https://app.qa.classveew.com/assets/vendor-state-BYRXIofz.js:0
[   13963ms] [LOG] %c next state color: #4CAF50; font-weight: bold {auth: Object, dashboard: Object, student: Object, grade: Object, attendance: Object} @ https://app.qa.classveew.com/assets/vendor-state-BYRXIofz.js:0
[   13972ms] [WARNING] Failed to decode downloaded font: https://app.qa.classveew.com/assets/Inter-roman.var-e-DsT6iu.woff2?v=3.19 @ https://app.qa.classveew.com/assets/vendor-primereact-DrI74XEx.js:3
[   13973ms] [WARNING] OTS parsing error: Failed to convert WOFF 2.0 font to SFNT @ https://app.qa.classveew.com/assets/vendor-primereact-DrI74XEx.js:3
[   14025ms] [WARNING] Failed to decode downloaded font: https://app.qa.classveew.com/assets/Inter-roman.var-e-DsT6iu.woff2?v=3.19 @ https://cdn.jsdelivr.net/npm/chart.js:12
[   14025ms] [WARNING] OTS parsing error: Failed to convert WOFF 2.0 font to SFNT @ https://cdn.jsdelivr.net/npm/chart.js:12
[   14086ms] [LOG] %c prev state color: #9E9E9E; font-weight: bold {auth: Object, dashboard: Object, student: Object, grade: Object, attendance: Object} @ https://app.qa.classveew.com/assets/vendor-state-BYRXIofz.js:0
[   14086ms] [LOG] %c action     color: #03A9F4; font-weight: bold {type: post/fetchPaginated/pending, payload: undefined, meta: Object} @ https://app.qa.classveew.com/assets/vendor-state-BYRXIofz.js:0
[   14086ms] [LOG] %c next state color: #4CAF50; font-weight: bold {auth: Object, dashboard: Object, student: Object, grade: Object, attendance: Object} @ https://app.qa.classveew.com/assets/vendor-state-BYRXIofz.js:0
[   14087ms] [LOG] %c prev state color: #9E9E9E; font-weight: bold {auth: Object, dashboard: Object, student: Object, grade: Object, attendance: Object} @ https://app.qa.classveew.com/assets/vendor-state-BYRXIofz.js:0
[   14087ms] [LOG] %c action     color: #03A9F4; font-weight: bold {type: dashboard/setAttendanceDateRange, payload: Object} @ https://app.qa.classveew.com/assets/vendor-state-BYRXIofz.js:0
[   14088ms] [LOG] %c next state color: #4CAF50; font-weight: bold {auth: Object, dashboard: Object, student: Object, grade: Object, attendance: Object} @ https://app.qa.classveew.com/assets/vendor-state-BYRXIofz.js:0
[   14088ms] [LOG] %c prev state color: #9E9E9E; font-weight: bold {auth: Object, dashboard: Object, student: Object, grade: Object, attendance: Object} @ https://app.qa.classveew.com/assets/vendor-state-BYRXIofz.js:0
[   14088ms] [LOG] %c action     color: #03A9F4; font-weight: bold {type: curriculum/fetch-all/pending, payload: undefined, meta: Object} @ https://app.qa.classveew.com/assets/vendor-state-BYRXIofz.js:0
[   14088ms] [LOG] %c next state color: #4CAF50; font-weight: bold {auth: Object, dashboard: Object, student: Object, grade: Object, attendance: Object} @ https://app.qa.classveew.com/assets/vendor-state-BYRXIofz.js:0
[   14089ms] [LOG] %c prev state color: #9E9E9E; font-weight: bold {auth: Object, dashboard: Object, student: Object, grade: Object, attendance: Object} @ https://app.qa.classveew.com/assets/vendor-state-BYRXIofz.js:0
[   14089ms] [LOG] %c action     color: #03A9F4; font-weight: bold {type: dashboard/fetchDashboardSummary/pending, payload: undefined, meta: Object} @ https://app.qa.classveew.com/assets/vendor-state-BYRXIofz.js:0
[   14089ms] [LOG] %c next state color: #4CAF50; font-weight: bold {auth: Object, dashboard: Object, student: Object, grade: Object, attendance: Object} @ https://app.qa.classveew.com/assets/vendor-state-BYRXIofz.js:0
[   14090ms] [LOG] %c prev state color: #9E9E9E; font-weight: bold {auth: Object, dashboard: Object, student: Object, grade: Object, attendance: Object} @ https://app.qa.classveew.com/assets/vendor-state-BYRXIofz.js:0
[   14090ms] [LOG] %c action     color: #03A9F4; font-weight: bold {type: dashboard/fetchStudentAttendance/pending, payload: undefined, meta: Object} @ https://app.qa.classveew.com/assets/vendor-state-BYRXIofz.js:0
[   14090ms] [LOG] %c next state color: #4CAF50; font-weight: bold {auth: Object, dashboard: Object, student: Object, grade: Object, attendance: Object} @ https://app.qa.classveew.com/assets/vendor-state-BYRXIofz.js:0
[   14091ms] [LOG] %c prev state color: #9E9E9E; font-weight: bold {auth: Object, dashboard: Object, student: Object, grade: Object, attendance: Object} @ https://app.qa.classveew.com/assets/vendor-state-BYRXIofz.js:0
[   14092ms] [LOG] %c action     color: #03A9F4; font-weight: bold {type: events/fetchEvents/pending, payload: undefined, meta: Object} @ https://app.qa.classveew.com/assets/vendor-state-BYRXIofz.js:0
[   14093ms] [LOG] %c next state color: #4CAF50; font-weight: bold {auth: Object, dashboard: Object, student: Object, grade: Object, attendance: Object} @ https://app.qa.classveew.com/assets/vendor-state-BYRXIofz.js:0
[   14109ms] [LOG] %c prev state color: #9E9E9E; font-weight: bold {auth: Object, dashboard: Object, student: Object, grade: Object, attendance: Object} @ https://app.qa.classveew.com/assets/vendor-state-BYRXIofz.js:0
[   14109ms] [LOG] %c action     color: #03A9F4; font-weight: bold {type: dashboard/fetchStudentAttendance/pending, payload: undefined, meta: Object} @ https://app.qa.classveew.com/assets/vendor-state-BYRXIofz.js:0
[   14109ms] [LOG] %c next state color: #4CAF50; font-weight: bold {auth: Object, dashboard: Object, student: Object, grade: Object, attendance: Object} @ https://app.qa.classveew.com/assets/vendor-state-BYRXIofz.js:0
[   14118ms] [WARNING] Failed to decode downloaded font: https://app.qa.classveew.com/assets/Inter-roman.var-e-DsT6iu.woff2?v=3.19 @ https://app.qa.classveew.com/dashboard:0
[   14118ms] [WARNING] OTS parsing error: Failed to convert WOFF 2.0 font to SFNT @ https://app.qa.classveew.com/dashboard:0
[   14138ms] [LOG] %c prev state color: #9E9E9E; font-weight: bold {auth: Object, dashboard: Object, student: Object, grade: Object, attendance: Object} @ https://app.qa.classveew.com/assets/vendor-state-BYRXIofz.js:0
[   14138ms] [LOG] %c action     color: #03A9F4; font-weight: bold {type: subscription/fetchMyTrialStatus/fulfilled, payload: Object, meta: Object} @ https://app.qa.classveew.com/assets/vendor-state-BYRXIofz.js:0
[   14138ms] [LOG] %c next state color: #4CAF50; font-weight: bold {auth: Object, dashboard: Object, student: Object, grade: Object, attendance: Object} @ https://app.qa.classveew.com/assets/vendor-state-BYRXIofz.js:0
[   14159ms] [LOG] %c prev state color: #9E9E9E; font-weight: bold {auth: Object, dashboard: Object, student: Object, grade: Object, attendance: Object} @ https://app.qa.classveew.com/assets/vendor-state-BYRXIofz.js:0
[   14159ms] [LOG] %c action     color: #03A9F4; font-weight: bold {type: notificationLog/fetchAll/fulfilled, payload: Object, meta: Object} @ https://app.qa.classveew.com/assets/vendor-state-BYRXIofz.js:0
[   14159ms] [LOG] %c next state color: #4CAF50; font-weight: bold {auth: Object, dashboard: Object, student: Object, grade: Object, attendance: Object} @ https://app.qa.classveew.com/assets/vendor-state-BYRXIofz.js:0
[   14172ms] [LOG] %c prev state color: #9E9E9E; font-weight: bold {auth: Object, dashboard: Object, student: Object, grade: Object, attendance: Object} @ https://app.qa.classveew.com/assets/vendor-state-BYRXIofz.js:0
[   14172ms] [LOG] %c action     color: #03A9F4; font-weight: bold {type: etl/fetch-configurations/fulfilled, payload: Object, meta: Object} @ https://app.qa.classveew.com/assets/vendor-state-BYRXIofz.js:0
[   14172ms] [LOG] %c next state color: #4CAF50; font-weight: bold {auth: Object, dashboard: Object, student: Object, grade: Object, attendance: Object} @ https://app.qa.classveew.com/assets/vendor-state-BYRXIofz.js:0
[   14179ms] [LOG] %c prev state color: #9E9E9E; font-weight: bold {auth: Object, dashboard: Object, student: Object, grade: Object, attendance: Object} @ https://app.qa.classveew.com/assets/vendor-state-BYRXIofz.js:0
[   14180ms] [LOG] %c action     color: #03A9F4; font-weight: bold {type: subscription/fetchCurrent/fulfilled, payload: Object, meta: Object} @ https://app.qa.classveew.com/assets/vendor-state-BYRXIofz.js:0
[   14180ms] [LOG] %c next state color: #4CAF50; font-weight: bold {auth: Object, dashboard: Object, student: Object, grade: Object, attendance: Object} @ https://app.qa.classveew.com/assets/vendor-state-BYRXIofz.js:0
[   14223ms] [LOG] %c prev state color: #9E9E9E; font-weight: bold {auth: Object, dashboard: Object, student: Object, grade: Object, attendance: Object} @ https://app.qa.classveew.com/assets/vendor-state-BYRXIofz.js:0
[   14223ms] [LOG] %c action     color: #03A9F4; font-weight: bold {type: curriculum/fetch-all/fulfilled, payload: Object, meta: Object} @ https://app.qa.classveew.com/assets/vendor-state-BYRXIofz.js:0
[   14224ms] [LOG] %c next state color: #4CAF50; font-weight: bold {auth: Object, dashboard: Object, student: Object, grade: Object, attendance: Object} @ https://app.qa.classveew.com/assets/vendor-state-BYRXIofz.js:0
[   14227ms] [WARNING] Failed to decode downloaded font: https://app.qa.classveew.com/assets/Inter-roman.var-e-DsT6iu.woff2?v=3.19 @ https://app.qa.classveew.com/assets/vendor-primereact-DrI74XEx.js:3
[   14228ms] [WARNING] OTS parsing error: Failed to convert WOFF 2.0 font to SFNT @ https://app.qa.classveew.com/assets/vendor-primereact-DrI74XEx.js:3
[   14250ms] [LOG] %c prev state color: #9E9E9E; font-weight: bold {auth: Object, dashboard: Object, student: Object, grade: Object, attendance: Object} @ https://app.qa.classveew.com/assets/vendor-state-BYRXIofz.js:0
[   14250ms] [LOG] %c action     color: #03A9F4; font-weight: bold {type: dashboard/fetchDashboardSummary/fulfilled, payload: Object, meta: Object} @ https://app.qa.classveew.com/assets/vendor-state-BYRXIofz.js:0
[   14250ms] [LOG] %c next state color: #4CAF50; font-weight: bold {auth: Object, dashboard: Object, student: Object, grade: Object, attendance: Object} @ https://app.qa.classveew.com/assets/vendor-state-BYRXIofz.js:0
[   14305ms] [LOG] %c prev state color: #9E9E9E; font-weight: bold {auth: Object, dashboard: Object, student: Object, grade: Object, attendance: Object} @ https://app.qa.classveew.com/assets/vendor-state-BYRXIofz.js:0
[   14305ms] [LOG] %c action     color: #03A9F4; font-weight: bold {type: events/fetchEvents/fulfilled, payload: Object, meta: Object} @ https://app.qa.classveew.com/assets/vendor-state-BYRXIofz.js:0
[   14305ms] [LOG] %c next state color: #4CAF50; font-weight: bold {auth: Object, dashboard: Object, student: Object, grade: Object, attendance: Object} @ https://app.qa.classveew.com/assets/vendor-state-BYRXIofz.js:0
[   14329ms] [LOG] %c prev state color: #9E9E9E; font-weight: bold {auth: Object, dashboard: Object, student: Object, grade: Object, attendance: Object} @ https://app.qa.classveew.com/assets/vendor-state-BYRXIofz.js:0
[   14329ms] [LOG] %c action     color: #03A9F4; font-weight: bold {type: dashboard/fetchStudentAttendance/fulfilled, payload: Object, meta: Object} @ https://app.qa.classveew.com/assets/vendor-state-BYRXIofz.js:0
[   14329ms] [LOG] %c next state color: #4CAF50; font-weight: bold {auth: Object, dashboard: Object, student: Object, grade: Object, attendance: Object} @ https://app.qa.classveew.com/assets/vendor-state-BYRXIofz.js:0
[   14345ms] [WARNING] Failed to decode downloaded font: https://app.qa.classveew.com/assets/Inter-roman.var-e-DsT6iu.woff2?v=3.19 @ https://cdn.jsdelivr.net/npm/chart.js:12
[   14345ms] [WARNING] OTS parsing error: Failed to convert WOFF 2.0 font to SFNT @ https://cdn.jsdelivr.net/npm/chart.js:12
[   14383ms] [LOG] %c prev state color: #9E9E9E; font-weight: bold {auth: Object, dashboard: Object, student: Object, grade: Object, attendance: Object} @ https://app.qa.classveew.com/assets/vendor-state-BYRXIofz.js:0
[   14383ms] [LOG] %c action     color: #03A9F4; font-weight: bold {type: post/fetchPaginated/fulfilled, payload: Object, meta: Object} @ https://app.qa.classveew.com/assets/vendor-state-BYRXIofz.js:0
[   14383ms] [LOG] %c next state color: #4CAF50; font-weight: bold {auth: Object, dashboard: Object, student: Object, grade: Object, attendance: Object} @ https://app.qa.classveew.com/assets/vendor-state-BYRXIofz.js:0
[   14465ms] [WARNING] Failed to decode downloaded font: https://app.qa.classveew.com/assets/Inter-roman.var-e-DsT6iu.woff2?v=3.19 @ https://app.qa.classveew.com/dashboard:0
[   14465ms] [WARNING] OTS parsing error: Failed to convert WOFF 2.0 font to SFNT @ https://app.qa.classveew.com/dashboard:0
[   14509ms] [LOG] %c prev state color: #9E9E9E; font-weight: bold {auth: Object, dashboard: Object, student: Object, grade: Object, attendance: Object} @ https://app.qa.classveew.com/assets/vendor-state-BYRXIofz.js:0
[   14509ms] [LOG] %c action     color: #03A9F4; font-weight: bold {type: dashboard/fetchStudentAttendance/fulfilled, payload: Object, meta: Object} @ https://app.qa.classveew.com/assets/vendor-state-BYRXIofz.js:0
[   14509ms] [LOG] %c next state color: #4CAF50; font-weight: bold {auth: Object, dashboard: Object, student: Object, grade: Object, attendance: Object} @ https://app.qa.classveew.com/assets/vendor-state-BYRXIofz.js:0
